// Jest Snapshot v1, https://goo.gl/fbAQLP

exports[`product component with display a product image, name and price 1`] = `
<div
  className="no-border product-item"
>
  <a
    href="products/test-product-1"
  >
    <div
      className="product-cover"
      style={
        Object {
          "backgroundImage": "url(http://assets.teenvogue.com/photos/57dfbfe5046b3a2e2a7364bd/master/pass/Kylie-Armytee.jpg)",
        }
      }
    />
  </a>
  <br />
  <Row
    className="product-item-footer"
    tag="div"
  >
    <Col
      md={8}
      tag="div"
      widths={
        Array [
          "xs",
          "sm",
          "md",
          "lg",
          "xl",
        ]
      }
      xs={8}
    >
      <a
        href="products/test-product-1"
      >
        Test product
      </a>
    </Col>
    <Col
      className="text-right"
      md={4}
      tag="div"
      widths={
        Array [
          "xs",
          "sm",
          "md",
          "lg",
          "xl",
        ]
      }
      xs={4}
    >
      <strong>
        $12.90
      </strong>
    </Col>
  </Row>
</div>
`;
